###############################################################################
#
# IAR ELF Linker V7.30.1.7746/W32 for ARM                 26/Jun/2015  13:00:39
# Copyright 2007-2014 IAR Systems AB.
#
#    Output file  =  
#        C:\Users\troshin\Documents\GitHub\Eth_SNMP\Project\Embedded_GUI_Example\EWARM\STM3210C-EVAL\Exe\STM3210C-EVAL.out
#    Map file     =  
#        C:\Users\troshin\Documents\GitHub\Eth_SNMP\Project\Embedded_GUI_Example\EWARM\STM3210C-EVAL\List\STM3210C-EVAL.map
#    Command line =  
#        C:\Users\troshin\Documents\GitHub\Eth_SNMP\Project\Embedded_GUI_Example\EWARM\STM3210C-EVAL\Obj\hw_config.o
#        C:\Users\troshin\Documents\GitHub\Eth_SNMP\Project\Embedded_GUI_Example\EWARM\STM3210C-EVAL\Obj\main.o
#        C:\Users\troshin\Documents\GitHub\Eth_SNMP\Project\Embedded_GUI_Example\EWARM\STM3210C-EVAL\Obj\misc.o
#        C:\Users\troshin\Documents\GitHub\Eth_SNMP\Project\Embedded_GUI_Example\EWARM\STM3210C-EVAL\Obj\modbus.o
#        C:\Users\troshin\Documents\GitHub\Eth_SNMP\Project\Embedded_GUI_Example\EWARM\STM3210C-EVAL\Obj\startup_stm32f10x_cl.o
#        C:\Users\troshin\Documents\GitHub\Eth_SNMP\Project\Embedded_GUI_Example\EWARM\STM3210C-EVAL\Obj\stm32f10x_flash.o
#        C:\Users\troshin\Documents\GitHub\Eth_SNMP\Project\Embedded_GUI_Example\EWARM\STM3210C-EVAL\Obj\stm32f10x_gpio.o
#        C:\Users\troshin\Documents\GitHub\Eth_SNMP\Project\Embedded_GUI_Example\EWARM\STM3210C-EVAL\Obj\stm32f10x_it.o
#        C:\Users\troshin\Documents\GitHub\Eth_SNMP\Project\Embedded_GUI_Example\EWARM\STM3210C-EVAL\Obj\stm32f10x_iwdg.o
#        C:\Users\troshin\Documents\GitHub\Eth_SNMP\Project\Embedded_GUI_Example\EWARM\STM3210C-EVAL\Obj\stm32f10x_rcc.o
#        C:\Users\troshin\Documents\GitHub\Eth_SNMP\Project\Embedded_GUI_Example\EWARM\STM3210C-EVAL\Obj\stm32f10x_spi.o
#        C:\Users\troshin\Documents\GitHub\Eth_SNMP\Project\Embedded_GUI_Example\EWARM\STM3210C-EVAL\Obj\stm32f10x_tim.o
#        C:\Users\troshin\Documents\GitHub\Eth_SNMP\Project\Embedded_GUI_Example\EWARM\STM3210C-EVAL\Obj\stm32f10x_usart.o
#        C:\Users\troshin\Documents\GitHub\Eth_SNMP\Project\Embedded_GUI_Example\EWARM\STM3210C-EVAL\Obj\system_stm32f10x.o
#        C:\Users\troshin\Documents\GitHub\Eth_SNMP\Project\Embedded_GUI_Example\EWARM\STM3210C-EVAL\Obj\wiznet.o
#        --redirect _Printf=_PrintfLarge --redirect _Scanf=_ScanfSmall -o
#        C:\Users\troshin\Documents\GitHub\Eth_SNMP\Project\Embedded_GUI_Example\EWARM\STM3210C-EVAL\Exe\STM3210C-EVAL.out
#        --map
#        C:\Users\troshin\Documents\GitHub\Eth_SNMP\Project\Embedded_GUI_Example\EWARM\STM3210C-EVAL\List\STM3210C-EVAL.map
#        --config
#        C:\Users\troshin\Documents\GitHub\Eth_SNMP\Project\Embedded_GUI_Example\EWARM\stm32f10x_flash.icf
#        --semihosting --entry __iar_program_start --vfe
#
###############################################################################

*******************************************************************************
*** RUNTIME MODEL ATTRIBUTES
***

CppFlavor                     = *
__Heap_Handler                = Basic
__SystemLibrary               = DLib
__dlib_dynamic_initialization = normal


*******************************************************************************
*** PLACEMENT SUMMARY
***

"A1":  place at 0x08000000 { ro section .intvec };
"P1":  place in [from 0x08000000 to 0x080fffff] { ro };
"P2":  place in [from 0x20000000 to 0x2000ffff] { rw, block CSTACK, block HEAP };

  Section             Kind        Address    Size  Object
  -------             ----        -------    ----  ------
"A1":                                       0x150
  .intvec             ro code  0x08000000   0x150  startup_stm32f10x_cl.o [1]
                             - 0x08000150   0x150

"P1":                                      0x6105
  .text               ro code  0x08000150   0xf84  xprintflarge.o [3]
  .text               ro code  0x080010d4    0x20  xmbtowc.o [3]
  .text               ro code  0x080010f4    0x16  strchr.o [5]
  .text               ro code  0x0800110a    0x22  zero_init3.o [5]
  .text               ro code  0x0800112c    0x36  strlen.o [5]
  .text               ro code  0x08001162     0xa  xsprout.o [3]
  .text               ro code  0x0800116c    0x58  memchr.o [5]
  .text               ro code  0x080011c4     0xa  xmbcurmax.o [3]
  .text               ro code  0x080011d0    0xb0  xxmemxmalloc.o [3]
  .text               ro code  0x08001280    0x1a  xwctomb.o [3]
  .text               ro code  0x0800129c    0x76  ABImemcpy_unaligned.o [5]
  .text               ro code  0x08001314    0x80  xxmemxfree.o [3]
  .text               ro code  0x08001394    0xee  I64DivMod.o [5]
  .text               ro code  0x08001484   0x1a2  DblMul.o [4]
  .text               ro code  0x08001626    0x42  xdnorm.o [4]
  .text               ro code  0x08001668    0x2e  DblCmpLe.o [4]
  .text               ro code  0x08001698   0x246  DblDiv.o [4]
  .text               ro code  0x080018e0    0x2c  DblToI32.o [4]
  .text               ro code  0x0800190c    0x1c  I32ToDbl.o [4]
  .text               ro code  0x08001928   0x180  DblSub.o [4]
  .text               ro code  0x08001aa8    0x6c  localeconv.o [3]
  .text               ro code  0x08001b14     0xe  div.o [3]
  .text               ro code  0x08001b24    0x24  setlocale.o [3]
  .text               ro code  0x08001b48    0x60  xencoding_sb.o [3]
  .text               ro code  0x08001ba8    0x2c  xgetmemchunk.o [3]
  .text               ro code  0x08001bd4     0x2  I64DivZer.o [5]
  .text               ro code  0x08001bd8    0xd4  DblAdd.o [4]
  .text               ro code  0x08001cac     0x2  xtls.o [3]
  .text               ro code  0x08001cb0   0xc88  hw_config.o [1]
  .text               ro code  0x08002938    0x9c  misc.o [1]
  .text               ro code  0x080029d4   0x200  stm32f10x_rcc.o [1]
  .text               ro code  0x08002bd4   0x10c  stm32f10x_tim.o [1]
  .text               ro code  0x08002ce0   0x162  stm32f10x_gpio.o [1]
  .text               ro code  0x08002e44   0xb92  wiznet.o [1]
  .text               ro code  0x080039d8   0x2f8  modbus.o [1]
  .text               ro code  0x08003cd0     0x8  atoi.o [3]
  .text               ro code  0x08003cd8    0x34  sprintf.o [3]
  .text               ro code  0x08003d0c    0x1c  strcat.o [3]
  .text               ro code  0x08003d28    0x98  stm32f10x_spi.o [1]
  .text               ro code  0x08003dc0    0x2a  strncmp.o [3]
  .text               ro code  0x08003dec   0x1d4  stm32f10x_usart.o [1]
  .text               ro code  0x08003fc0   0x198  xstoul.o [3]
  .text               ro code  0x08004158    0x14  isxxx.o [3]
  .text               ro code  0x0800416c    0x14  tolower.o [3]
  .text               ro code  0x08004180     0xc  errno.o [3]
  .text               ro code  0x0800418c    0x14  xlocale_c.o [3]
  .text               ro code  0x080041a0     0xc  xlocale_c.o [3]
  .text               ro code  0x080041ac   0x528  main.o [1]
  .text               ro code  0x080046d4   0x1a4  system_stm32f10x.o [1]
  .text               ro code  0x08004878   0x1ba  stm32f10x_flash.o [1]
  .text               ro code  0x08004a34    0x10  stm32f10x_iwdg.o [1]
  .rodata             const    0x08004a44   0x258  hw_config.o [1]
  .rodata             const    0x08004c9c   0x258  hw_config.o [1]
  .rodata             const    0x08004ef4   0x258  hw_config.o [1]
  .rodata             const    0x0800514c   0x258  hw_config.o [1]
  .rodata             const    0x080053a4   0x258  hw_config.o [1]
  .rodata             const    0x080055fc   0x258  hw_config.o [1]
  .rodata             const    0x08005854   0x12c  hw_config.o [1]
  .rodata             const    0x08005980   0x12c  hw_config.o [1]
  .rodata             const    0x08005aac   0x12c  hw_config.o [1]
  .text               ro code  0x08005bd8    0xd2  packbits_init.o [5]
  .text               ro code  0x08005caa     0x6  abort.o [3]
  .text               ro code  0x08005cb0    0x14  exit.o [6]
  .rodata             const    0x08005cc4    0xc8  hw_config.o [1]
  .rodata             const    0x08005d8c    0xc8  hw_config.o [1]
  .rodata             const    0x08005e54    0xc8  hw_config.o [1]
  .text               ro code  0x08005f1c    0x58  stm32f10x_it.o [1]
  .text               ro code  0x08005f74    0x28  data_init.o [5]
  .iar.init_table     const    0x08005f9c    0x2c  - Linker created -
  .rodata             const    0x08005fc8    0x20  hw_config.o [1]
  .text               ro code  0x08005fe8    0x1a  cmain.o [5]
  .text               ro code  0x08006002     0x4  low_level_init.o [3]
  .text               ro code  0x08006006     0x4  exit.o [3]
  .text               ro code  0x0800600c     0xa  cexit.o [5]
  .rodata             const    0x08006018    0x14  hw_config.o [1]
  .rodata             const    0x0800602c    0x14  hw_config.o [1]
  .rodata             const    0x08006040    0x14  hw_config.o [1]
  .rodata             const    0x08006054    0x14  hw_config.o [1]
  .rodata             const    0x08006068    0x14  hw_config.o [1]
  .rodata             const    0x0800607c    0x14  hw_config.o [1]
  .rodata             const    0x08006090    0x10  hw_config.o [1]
  .rodata             const    0x080060a0    0x10  hw_config.o [1]
  .text               ro code  0x080060b0    0x10  startup_stm32f10x_cl.o [1]
  .rodata             const    0x080060c0     0xc  hw_config.o [1]
  .rodata             const    0x080060cc     0xc  hw_config.o [1]
  .rodata             const    0x080060d8     0xc  hw_config.o [1]
  .rodata             const    0x080060e4     0xc  hw_config.o [1]
  .rodata             const    0x080060f0     0xc  hw_config.o [1]
  .rodata             const    0x080060fc     0xc  hw_config.o [1]
  .text               ro code  0x08006108     0xc  cstartup_M.o [5]
  .rodata             const    0x08006114     0x8  hw_config.o [1]
  .text               ro code  0x0800611c     0x4  startup_stm32f10x_cl.o [1]
  .text               ro code  0x08006120     0x4  startup_stm32f10x_cl.o [1]
  .text               ro code  0x08006124     0x4  startup_stm32f10x_cl.o [1]
  .text               ro code  0x08006128     0x4  startup_stm32f10x_cl.o [1]
  .text               ro code  0x0800612c     0x4  startup_stm32f10x_cl.o [1]
  .text               ro code  0x08006130     0x4  startup_stm32f10x_cl.o [1]
  .text               ro code  0x08006134     0x4  startup_stm32f10x_cl.o [1]
  .text               ro code  0x08006138     0x4  startup_stm32f10x_cl.o [1]
  .text               ro code  0x0800613c     0x4  startup_stm32f10x_cl.o [1]
  .text               ro code  0x08006140     0x4  startup_stm32f10x_cl.o [1]
  .text               ro code  0x08006144     0x4  startup_stm32f10x_cl.o [1]
  .text               ro code  0x08006148     0x4  startup_stm32f10x_cl.o [1]
  .text               ro code  0x0800614c     0x4  startup_stm32f10x_cl.o [1]
  .text               ro code  0x08006150     0x4  startup_stm32f10x_cl.o [1]
  .text               ro code  0x08006154     0x4  startup_stm32f10x_cl.o [1]
  .text               ro code  0x08006158     0x4  startup_stm32f10x_cl.o [1]
  .text               ro code  0x0800615c     0x4  startup_stm32f10x_cl.o [1]
  .text               ro code  0x08006160     0x4  startup_stm32f10x_cl.o [1]
  .text               ro code  0x08006164     0x4  startup_stm32f10x_cl.o [1]
  .text               ro code  0x08006168     0x4  startup_stm32f10x_cl.o [1]
  .text               ro code  0x0800616c     0x4  startup_stm32f10x_cl.o [1]
  .text               ro code  0x08006170     0x4  startup_stm32f10x_cl.o [1]
  .text               ro code  0x08006174     0x4  startup_stm32f10x_cl.o [1]
  .text               ro code  0x08006178     0x4  startup_stm32f10x_cl.o [1]
  .text               ro code  0x0800617c     0x4  startup_stm32f10x_cl.o [1]
  .text               ro code  0x08006180     0x4  startup_stm32f10x_cl.o [1]
  .text               ro code  0x08006184     0x4  startup_stm32f10x_cl.o [1]
  .text               ro code  0x08006188     0x4  startup_stm32f10x_cl.o [1]
  .text               ro code  0x0800618c     0x4  startup_stm32f10x_cl.o [1]
  .text               ro code  0x08006190     0x4  startup_stm32f10x_cl.o [1]
  .text               ro code  0x08006194     0x4  startup_stm32f10x_cl.o [1]
  .text               ro code  0x08006198     0x4  startup_stm32f10x_cl.o [1]
  .text               ro code  0x0800619c     0x4  startup_stm32f10x_cl.o [1]
  .text               ro code  0x080061a0     0x4  startup_stm32f10x_cl.o [1]
  .text               ro code  0x080061a4     0x4  startup_stm32f10x_cl.o [1]
  .text               ro code  0x080061a8     0x4  startup_stm32f10x_cl.o [1]
  .text               ro code  0x080061ac     0x4  startup_stm32f10x_cl.o [1]
  .text               ro code  0x080061b0     0x4  startup_stm32f10x_cl.o [1]
  .text               ro code  0x080061b4     0x4  startup_stm32f10x_cl.o [1]
  .text               ro code  0x080061b8     0x4  startup_stm32f10x_cl.o [1]
  .text               ro code  0x080061bc     0x4  startup_stm32f10x_cl.o [1]
  .text               ro code  0x080061c0     0x4  startup_stm32f10x_cl.o [1]
  .text               ro code  0x080061c4     0x4  startup_stm32f10x_cl.o [1]
  .text               ro code  0x080061c8     0x4  startup_stm32f10x_cl.o [1]
  .text               ro code  0x080061cc     0x4  startup_stm32f10x_cl.o [1]
  .text               ro code  0x080061d0     0x4  startup_stm32f10x_cl.o [1]
  .text               ro code  0x080061d4     0x4  startup_stm32f10x_cl.o [1]
  .text               ro code  0x080061d8     0x4  startup_stm32f10x_cl.o [1]
  .text               ro code  0x080061dc     0x4  startup_stm32f10x_cl.o [1]
  .text               ro code  0x080061e0     0x4  startup_stm32f10x_cl.o [1]
  .text               ro code  0x080061e4     0x4  startup_stm32f10x_cl.o [1]
  .text               ro code  0x080061e8     0x4  startup_stm32f10x_cl.o [1]
  .text               ro code  0x080061ec     0x4  startup_stm32f10x_cl.o [1]
  .text               ro code  0x080061f0     0x4  startup_stm32f10x_cl.o [1]
  .text               ro code  0x080061f4     0x4  startup_stm32f10x_cl.o [1]
  .text               ro code  0x080061f8     0x4  startup_stm32f10x_cl.o [1]
  .text               ro code  0x080061fc     0x4  startup_stm32f10x_cl.o [1]
  .text               ro code  0x08006200     0x4  startup_stm32f10x_cl.o [1]
  .text               ro code  0x08006204     0x4  startup_stm32f10x_cl.o [1]
  .text               ro code  0x08006208     0x4  startup_stm32f10x_cl.o [1]
  .text               ro code  0x0800620c     0x4  startup_stm32f10x_cl.o [1]
  .text               ro code  0x08006210     0x4  startup_stm32f10x_cl.o [1]
  .text               ro code  0x08006214     0x4  startup_stm32f10x_cl.o [1]
  .text               ro code  0x08006218     0x4  startup_stm32f10x_cl.o [1]
  .text               ro code  0x0800621c     0x4  startup_stm32f10x_cl.o [1]
  .text               ro code  0x08006220     0x4  startup_stm32f10x_cl.o [1]
  .text               ro code  0x08006224     0x4  startup_stm32f10x_cl.o [1]
  .text               ro code  0x08006228     0x4  startup_stm32f10x_cl.o [1]
  .text               ro code  0x0800622c     0x4  startup_stm32f10x_cl.o [1]
  .text               ro code  0x08006230     0x4  startup_stm32f10x_cl.o [1]
  .rodata             const    0x08006234     0x0  zero_init3.o [5]
  .rodata             const    0x08006234     0x0  packbits_init.o [5]
  Initializer bytes   ro data  0x08006234    0x21  <for P2 s0>
                             - 0x08006255  0x6105

"P2":                                      0x2578
  P2 s0                        0x20000000   0x115  <Init block>
    __DLIB_PERTHREAD  inited   0x20000000    0x88  localeconv.o [3]
    __DLIB_PERTHREAD  inited   0x20000088    0x74  setlocale.o [3]
    .data             inited   0x200000fc    0x10  stm32f10x_rcc.o [1]
    .data             inited   0x2000010c     0x4  stm32f10x_rcc.o [1]
    __DLIB_PERTHREAD  inited   0x20000110     0x4  errno.o [3]
    .data             inited   0x20000114     0x1  modbus.o [1]
  .bss                zero     0x20000118   0x800  hw_config.o [1]
  .bss                zero     0x20000918   0x800  modbus.o [1]
  .bss                zero     0x20001118   0x800  modbus.o [1]
  .bss                zero     0x20001918    0x10  wiznet.o [1]
  .bss                zero     0x20001928     0xc  modbus.o [1]
  .bss                zero     0x20001934     0x8  xxmemxmalloc.o [3]
  .bss                zero     0x2000193c     0x4  hw_config.o [1]
  .bss                zero     0x20001940     0x4  hw_config.o [1]
  .bss                zero     0x20001944     0x4  hw_config.o [1]
  .bss                zero     0x20001948     0x4  hw_config.o [1]
  .bss                zero     0x2000194c     0x4  hw_config.o [1]
  .bss                zero     0x20001950     0x4  hw_config.o [1]
  .bss                zero     0x20001954     0x4  xgetmemchunk.o [3]
  .bss                zero     0x20001958     0x2  hw_config.o [1]
  .bss                zero     0x2000195a     0x2  hw_config.o [1]
  .bss                zero     0x2000195c     0x2  hw_config.o [1]
  .bss                zero     0x2000195e     0x2  hw_config.o [1]
  .bss                zero     0x20001960     0x2  hw_config.o [1]
  .bss                zero     0x20001962     0x2  hw_config.o [1]
  .bss                zero     0x20001964     0x2  hw_config.o [1]
  .bss                zero     0x20001966     0x2  modbus.o [1]
  .bss                zero     0x20001968     0x2  modbus.o [1]
  .bss                zero     0x2000196a     0x2  modbus.o [1]
  .bss                zero     0x2000196c     0x1  hw_config.o [1]
  .bss                zero     0x2000196d     0x1  main.o [1]
  .bss                zero     0x2000196e     0x1  main.o [1]
  .bss                zero     0x2000196f     0x1  main.o [1]
  .bss                zero     0x20001970     0x1  modbus.o [1]
  .bss                zero     0x20001971     0x1  modbus.o [1]
  .bss                zero     0x20001972     0x1  modbus.o [1]
  CSTACK                       0x20001978   0x400  <Block>
    CSTACK            uninit   0x20001978   0x400  <Block tail>
  HEAP                         0x20001d78   0x800  <Block>
    HEAP              uninit   0x20001d78   0x800  <Block tail>
                             - 0x20002578  0x2578


*******************************************************************************
*** INIT TABLE
***

          Address     Size
          -------     ----
Zero (__iar_zero_init3)
    1 destination range, total size 0x185b:
          0x20000118  0x185b

Copy/packbits (__iar_packbits_init3)
    1 source range, total size 0x21 (11% of destination):
          0x08006234    0x21
    1 destination range, total size 0x115:
          0x20000000   0x115



*******************************************************************************
*** MODULE SUMMARY
***

    Module                  ro code  ro data  rw data
    ------                  -------  -------  -------
C:\Users\troshin\Documents\GitHub\Eth_SNMP\Project\Embedded_GUI_Example\EWARM\STM3210C-EVAL\Obj: [1]
    hw_config.o               3 208    5 364    2 087
    main.o                    1 320                 3
    misc.o                      156
    modbus.o                    760        1    4 118
    startup_stm32f10x_cl.o      632
    stm32f10x_flash.o           442
    stm32f10x_gpio.o            354
    stm32f10x_it.o               88
    stm32f10x_iwdg.o             16
    stm32f10x_rcc.o             512        2       20
    stm32f10x_spi.o             152
    stm32f10x_tim.o             268
    stm32f10x_usart.o           468
    system_stm32f10x.o          420
    wiznet.o                  2 962                16
    -------------------------------------------------
    Total:                   11 758    5 367    6 244

command line: [2]
    -------------------------------------------------
    Total:

dl7M_tlf.a: [3]
    abort.o                       6
    atoi.o                        8
    div.o                        14
    errno.o                      12                 4
    exit.o                        4
    isxxx.o                      20
    localeconv.o                108       16      136
    low_level_init.o              4
    setlocale.o                  36       14      116
    sprintf.o                    52
    strcat.o                     28
    strncmp.o                    42
    tolower.o                    20
    xencoding_sb.o               96
    xgetmemchunk.o               44                 4
    xlocale_c.o                  32
    xmbcurmax.o                  10
    xmbtowc.o                    32
    xprintflarge.o            3 972
    xsprout.o                    10
    xstoul.o                    408
    xtls.o                        2
    xwctomb.o                    26
    xxmemxfree.o                128
    xxmemxmalloc.o              176                 8
    -------------------------------------------------
    Total:                    5 290       30      268

m7M_tl.a: [4]
    DblAdd.o                    212
    DblCmpLe.o                   46
    DblDiv.o                    582
    DblMul.o                    418
    DblSub.o                    384
    DblToI32.o                   44
    I32ToDbl.o                   28
    xdnorm.o                     66
    -------------------------------------------------
    Total:                    1 780

rt7M_tl.a: [5]
    ABImemcpy_unaligned.o       118
    I64DivMod.o                 238
    I64DivZer.o                   2
    cexit.o                      10
    cmain.o                      26
    cstartup_M.o                 12
    data_init.o                  40
    memchr.o                     88
    packbits_init.o             210
    strchr.o                     22
    strlen.o                     54
    zero_init3.o                 34
    -------------------------------------------------
    Total:                      854

shb_l.a: [6]
    exit.o                       20
    -------------------------------------------------
    Total:                       20

    Gaps                         28        2        3
    Linker created                        44    3 072
-----------------------------------------------------
    Grand Total:             19 730    5 443    9 587


*******************************************************************************
*** ENTRY LIST
***

Entry                      Address   Size  Type      Object
-----                      -------   ----  ----      ------
?main                   0x08005fe9         Code  Gb  cmain.o [5]
ADCPrescTable           0x2000010c    0x4  Data  Lc  stm32f10x_rcc.o [1]
APBAHBPrescTable        0x200000fc   0x10  Data  Lc  stm32f10x_rcc.o [1]
BusFault_Handler        0x08005f23    0x2  Code  Gb  stm32f10x_it.o [1]
CSTACK$$Base            0x20001978          --   Gb  - Linker created -
CSTACK$$Limit           0x20001d78          --   Gb  - Linker created -
DebugMon_Handler        0x08005f29    0x2  Code  Gb  stm32f10x_it.o [1]
Delay_us                0x08001e05   0x2a  Code  Gb  hw_config.o [1]
FLASH_ErasePage         0x0800488f   0x5e  Code  Gb  stm32f10x_flash.o [1]
FLASH_GetBank1Status    0x080049b9   0x34  Code  Gb  stm32f10x_flash.o [1]
FLASH_ProgramHalfWord   0x0800496d   0x4c  Code  Gb  stm32f10x_flash.o [1]
FLASH_ProgramWord       0x080048ed   0x80  Code  Gb  stm32f10x_flash.o [1]
FLASH_Unlock            0x08004879   0x16  Code  Gb  stm32f10x_flash.o [1]
FLASH_WaitForLastOperation
                        0x08004a05   0x2e  Code  Gb  stm32f10x_flash.o [1]
GPIO_Init               0x08002ce1  0x136  Code  Gb  stm32f10x_gpio.o [1]
GPIO_ReadInputDataBit   0x08002e17   0x1a  Code  Gb  stm32f10x_gpio.o [1]
GPIO_WriteBit           0x08002e31   0x12  Code  Gb  stm32f10x_gpio.o [1]
HEAP$$Base              0x20001d78          --   Gb  - Linker created -
HEAP$$Limit             0x20002578          --   Gb  - Linker created -
HardFault_Handler       0x08005f1f    0x2  Code  Gb  stm32f10x_it.o [1]
HtmlText2               0x08005cc4   0xc8  Data  Gb  hw_config.o [1]
IWDG_Enable             0x08004a35    0xa  Code  Gb  stm32f10x_iwdg.o [1]
InStream_Read           0x08005bd9   0x22  Code  Lc  packbits_init.o [5]
LED_init                0x08001dbf   0x46  Code  Gb  hw_config.o [1]
LoadInt                 0x08000775   0x6e  Code  Lc  xprintflarge.o [3]
MemManage_Handler       0x08005f21    0x2  Code  Gb  stm32f10x_it.o [1]
Modbus_GetRxBuffer      0x08003b99    0x4  Code  Gb  modbus.o [1]
Modbus_GetRxDataSize    0x08003b93    0x6  Code  Gb  modbus.o [1]
Modbus_GetTxBuffer      0x08003b53    0x4  Code  Gb  modbus.o [1]
Modbus_InterruptHandler
                        0x08003bbf   0xde  Code  Gb  modbus.o [1]
Modbus_IsRxDataReady    0x08003b7f    0x6  Code  Gb  modbus.o [1]
Modbus_RxBufInit        0x08003b85    0xe  Code  Gb  modbus.o [1]
Modbus_RxTimerDec       0x08003b9d   0x22  Code  Gb  modbus.o [1]
Modbus_SendData         0x08003af1   0x62  Code  Gb  modbus.o [1]
Modbus_SetTxPacketlength
                        0x08003b57    0x6  Code  Gb  modbus.o [1]
Modbus_TxTimerDec       0x08003b5d   0x22  Code  Gb  modbus.o [1]
NMI_Handler             0x08005f1d    0x2  Code  Gb  stm32f10x_it.o [1]
NVIC_Init               0x08002943   0x68  Code  Gb  misc.o [1]
NVIC_PriorityGroupConfig
                        0x08002939    0xa  Code  Gb  misc.o [1]
NVIC_SetPriority        0x080041ad   0x2a  Code  Lc  main.o [1]
NVIC_SetVectorTable     0x080029ab    0xc  Code  Gb  misc.o [1]
Param_Reset_init        0x08001d97   0x28  Code  Gb  hw_config.o [1]
Parity_Even             0x08005aac  0x12c  Data  Gb  hw_config.o [1]
Parity_No               0x08005854  0x12c  Data  Gb  hw_config.o [1]
Parity_Odd              0x08005980  0x12c  Data  Gb  hw_config.o [1]
PendSV_Handler          0x08005f2b    0x2  Code  Gb  stm32f10x_it.o [1]
RCC_APB1PeriphClockCmd  0x08002b93   0x1e  Code  Gb  stm32f10x_rcc.o [1]
RCC_APB2PeriphClockCmd  0x08002b75   0x1e  Code  Gb  stm32f10x_rcc.o [1]
RCC_GetClocksFreq       0x080029d5  0x1a0  Code  Gb  stm32f10x_rcc.o [1]
RS485_InitLines         0x080039d9  0x118  Code  Gb  modbus.o [1]
Rate_115200             0x080055fc  0x258  Data  Gb  hw_config.o [1]
Rate_14400              0x08004c9c  0x258  Data  Gb  hw_config.o [1]
Rate_19200              0x08004ef4  0x258  Data  Gb  hw_config.o [1]
Rate_38400              0x0800514c  0x258  Data  Gb  hw_config.o [1]
Rate_57600              0x080053a4  0x258  Data  Gb  hw_config.o [1]
Rate_9600               0x08004a44  0x258  Data  Gb  hw_config.o [1]
Region$$Table$$Base     0x08005f9c          --   Gb  - Linker created -
Region$$Table$$Limit    0x08005fc8          --   Gb  - Linker created -
SPI_Cmd                 0x08003d69   0x1c  Code  Gb  stm32f10x_spi.o [1]
SPI_I2S_GetFlagStatus   0x08003da9   0x18  Code  Gb  stm32f10x_spi.o [1]
SPI_I2S_ReceiveData     0x08003d89    0x4  Code  Gb  stm32f10x_spi.o [1]
SPI_I2S_SendData        0x08003d85    0x4  Code  Gb  stm32f10x_spi.o [1]
SPI_Init                0x08003d29   0x40  Code  Gb  stm32f10x_spi.o [1]
SPI_Read                0x08003041   0xe6  Code  Gb  wiznet.o [1]
SPI_SSOutputCmd         0x08003d8d   0x1c  Code  Gb  stm32f10x_spi.o [1]
SPI_Write               0x08002fa1   0xa0  Code  Gb  wiznet.o [1]
SVC_Handler             0x08005f27    0x2  Code  Gb  stm32f10x_it.o [1]
SetSysClock             0x0800473b    0x8  Code  Lc  system_stm32f10x.o [1]
SetSysClockTo72         0x08004743  0x110  Code  Lc  system_stm32f10x.o [1]
Stopbits_1              0x08005d8c   0xc8  Data  Gb  hw_config.o [1]
Stopbits_2              0x08005e54   0xc8  Data  Gb  hw_config.o [1]
SysTick_Config          0x080041d7   0x38  Code  Lc  main.o [1]
SysTick_Handler         0x08005f2d    0x2  Code  Gb  stm32f10x_it.o [1]
SystemInit              0x080046d5   0x66  Code  Gb  system_stm32f10x.o [1]
TCP_Process_handler1    0x08001ee5  0x98a  Code  Gb  hw_config.o [1]
TCP_buf                 0x20000118  0x800  Data  Gb  hw_config.o [1]
TIM6_IRQHandler         0x08005f2f   0x1c  Code  Gb  stm32f10x_it.o [1]
TIM7_IRQHandler         0x08005f4b   0x14  Code  Gb  stm32f10x_it.o [1]
TIM_ARRPreloadConfig    0x08002c9b   0x1c  Code  Gb  stm32f10x_tim.o [1]
TIM_Cmd                 0x08002c69   0x1c  Code  Gb  stm32f10x_tim.o [1]
TIM_ITConfig            0x08002c85   0x16  Code  Gb  stm32f10x_tim.o [1]
TIM_TimeBaseInit        0x08002bd5   0x94  Code  Gb  stm32f10x_tim.o [1]
Timer_100ms_Init        0x08001cb1   0x74  Code  Gb  hw_config.o [1]
Timer_100us_Init        0x08001d25   0x72  Code  Gb  hw_config.o [1]
UART4_IRQHandler        0x08005f6d    0x8  Code  Gb  stm32f10x_it.o [1]
UDP_Process_handler     0x08001e2f   0xb4  Code  Gb  hw_config.o [1]
USART_Cmd               0x08003ed1   0x1c  Code  Gb  stm32f10x_usart.o [1]
USART_GetITStatus       0x08003f53   0x6e  Code  Gb  stm32f10x_usart.o [1]
USART_ITConfig          0x08003eed   0x56  Code  Gb  stm32f10x_usart.o [1]
USART_Init              0x08003ded   0xde  Code  Gb  stm32f10x_usart.o [1]
USART_ReceiveData       0x08003f4b    0x8  Code  Gb  stm32f10x_usart.o [1]
USART_SendData          0x08003f43    0x8  Code  Gb  stm32f10x_usart.o [1]
UsageFault_Handler      0x08005f25    0x2  Code  Gb  stm32f10x_it.o [1]
W5100_Delay_ms          0x08002e6f   0x1c  Code  Gb  wiznet.o [1]
W5100_Delay_us          0x08002e45   0x2a  Code  Gb  wiznet.o [1]
W5100_Init              0x08003127  0x146  Code  Gb  wiznet.o [1]
W5100_InitLines         0x08002e8b  0x116  Code  Gb  wiznet.o [1]
W5100_ReadStatus        0x0800335d   0x1a  Code  Gb  wiznet.o [1]
W5100_close             0x080038ed   0x2a  Code  Gb  wiznet.o [1]
W5100_disconnect        0x08003917   0x2a  Code  Gb  wiznet.o [1]
W5100_listen            0x08003941   0x5a  Code  Gb  wiznet.o [1]
W5100_recv              0x080033af  0x2c4  Code  Gb  wiznet.o [1]
W5100_recv_size         0x08003377   0x38  Code  Gb  wiznet.o [1]
W5100_send              0x08003673  0x26a  Code  Gb  wiznet.o [1]
W5100_socket            0x0800326d   0xf0  Code  Gb  wiznet.o [1]
W5100_strindex          0x0800399b   0x3c  Code  Gb  wiznet.o [1]
_EncodingSb_Mbtowc      0x08001b63   0x30  Code  Gb  xencoding_sb.o [3]
_EncodingSb_Wctomb      0x08001b49   0x1a  Code  Gb  xencoding_sb.o [3]
_GenldLarge             0x08000e53  0x236  Code  Lc  xprintflarge.o [3]
_IsdstStr               0x2000008c    0x4  Data  Gb  setlocale.o [3]
_LdtobLarge             0x08000c45  0x208  Code  Lc  xprintflarge.o [3]
_LitobLarge             0x08000af5  0x106  Code  Lc  xprintflarge.o [3]
_LocaleC_isspace        0x0800418d   0x14  Code  Gb  xlocale_c.o [3]
_LocaleC_tolower        0x080041a1    0xc  Code  Gb  xlocale_c.o [3]
_LocaleEncoding         0x08001b37    0xe  Code  Gb  setlocale.o [3]
_LocaleForCat           0x08001b25   0x12  Code  Gb  setlocale.o [3]
_LocaleReturnString     0x200000ac   0x50  Data  Lc  setlocale.o [3]
_Locale_Profile         0x20000090   0x1c  Data  Gb  setlocale.o [3]
_Locale_aeabi_lconv     0x20000050   0x38  Data  Gb  localeconv.o [3]
_Locale_lconv           0x20000000   0x50  Data  Gb  localeconv.o [3]
_Mbtowc                 0x080010d5   0x20  Code  Gb  xmbtowc.o [3]
_PrintfLarge            0x08000151  0x60c  Code  Gb  xprintflarge.o [3]
_PutcharsLarge          0x08001089   0x2e  Code  Lc  xprintflarge.o [3]
_PutstrLarge            0x080007e3  0x30c  Code  Lc  xprintflarge.o [3]
_SProut                 0x08001163    0xa  Code  Gb  xsprout.o [3]
_TzoneStr               0x20000088    0x4  Data  Gb  setlocale.o [3]
_Wctomb                 0x08001281   0x1a  Code  Gb  xwctomb.o [3]
__aeabi_cdcmple         0x08001669         Code  Gb  DblCmpLe.o [4]
__aeabi_d2uiz           0x080018e1         Code  Gb  DblToI32.o [4]
__aeabi_ddiv            0x08001699         Code  Gb  DblDiv.o [4]
__aeabi_dmul            0x08001485         Code  Gb  DblMul.o [4]
__aeabi_dsub            0x08001929         Code  Gb  DblSub.o [4]
__aeabi_errno_addr      0x08004181    0x6  Code  Gb  errno.o [3]
__aeabi_ldiv0           0x08001bd5         Code  Gb  I64DivZer.o [5]
__aeabi_ui2d            0x0800190d         Code  Gb  I32ToDbl.o [4]
__aeabi_uldivmod        0x08001395         Code  Gb  I64DivMod.o [5]
__cmain                 0x08005fe9         Code  Gb  cmain.o [5]
__data_Aldata           0x20001934    0x8  Data  Gb  xxmemxmalloc.o [3]
__data_GetMemChunk      0x08001ba9   0x2c  Code  Gb  xgetmemchunk.o [3]
__exit                  0x08005cb1   0x14  Code  Gb  exit.o [6]
__iar_Dnorm             0x08001627   0x42  Code  Gb  xdnorm.o [4]
__iar_Errno             0x20000110    0x4  Data  Gb  errno.o [3]
__iar_Locale_lconv_init
                        0x08001aa9   0x3a  Code  Gb  localeconv.o [3]
__iar_Mbcurmax          0x080011c5    0xa  Code  Gb  xmbcurmax.o [3]
__iar_Memchr            0x0800116d         Code  Gb  memchr.o [5]
__iar_Stoul             0x08004105    0x4  Code  Gb  xstoul.o [3]
__iar_Stoulx            0x08003fc1  0x13e  Code  Gb  xstoul.o [3]
__iar_Strchr            0x080010f5         Code  Gb  strchr.o [5]
__iar_d2uiz             0x080018ed         Code  Gb  DblToI32.o [4]
__iar_dadd              0x08001bd9         Code  Gb  DblAdd.o [4]
__iar_data_init3        0x08005f75   0x28  Code  Gb  data_init.o [5]
__iar_dlib_perthread_access
                        0x08001cad    0x2  Code  Gb  xtls.o [3]
__iar_dsub              0x0800193d         Code  Gb  DblSub.o [4]
__iar_dsubStart         0x0800194f         Code  Gb  DblSub.o [4]
__iar_packbits_init3    0x08005bfb   0xb0  Code  Gb  packbits_init.o [5]
__iar_program_start     0x08006109         Code  Gb  cstartup_M.o [5]
__iar_ui2d              0x08001911         Code  Gb  I32ToDbl.o [4]
__iar_unaligned___aeabi_memcpy
                        0x0800129d         Code  Gb  ABImemcpy_unaligned.o [5]
__iar_unaligned___aeabi_memcpy4
                        0x080012bd         Code  Gb  ABImemcpy_unaligned.o [5]
__iar_unaligned___aeabi_memcpy8
                        0x080012bd         Code  Gb  ABImemcpy_unaligned.o [5]
__iar_zero_init3        0x0800110b   0x22  Code  Gb  zero_init3.o [5]
__low_level_init        0x08006003    0x4  Code  Gb  low_level_init.o [3]
__vector_table          0x08000000         Data  Gb  startup_stm32f10x_cl.o [1]
_call_main              0x08005ff5         Code  Gb  cmain.o [5]
_exit                   0x0800600d         Code  Gb  cexit.o [5]
_main                   0x08005fff         Code  Gb  cmain.o [5]
abort                   0x08005cab    0x6  Code  Gb  abort.o [3]
atoi                    0x08003cd1    0x8  Code  Gb  atoi.o [3]
digits                  0x08004108   0x28  Data  Lc  xstoul.o [3]
div                     0x08001b15    0xe  Code  Gb  div.o [3]
exit                    0x08006007    0x4  Code  Gb  exit.o [3]
free                    0x08001315   0x7a  Code  Gb  xxmemxfree.o [3]
getidx                  0x2000194c    0x4  Data  Gb  hw_config.o [1]
ip_addr                 0x20001940    0x4  Data  Gb  hw_config.o [1]
ip_addr32               0x20001944    0x4  Data  Gb  hw_config.o [1]
isspace                 0x08004159   0x14  Code  Gb  isxxx.o [3]
localeconv              0x08001ae3   0x16  Code  Gb  localeconv.o [3]
m_uart                  0x20001928    0xc  Data  Lc  modbus.o [1]
m_ui16RxBufCnt          0x2000196a    0x2  Data  Lc  modbus.o [1]
m_ui16RxTimer           0x20001971    0x1  Data  Lc  modbus.o [1]
m_ui16TxBufCnt          0x20001968    0x2  Data  Lc  modbus.o [1]
m_ui16TxLength          0x20001966    0x2  Data  Lc  modbus.o [1]
m_ui8RxBuf              0x20000918  0x800  Data  Lc  modbus.o [1]
m_ui8RxDataReady        0x20001972    0x1  Data  Lc  modbus.o [1]
m_ui8TxBuf              0x20001118  0x800  Data  Lc  modbus.o [1]
m_ui8TxReady            0x20000114    0x1  Data  Lc  modbus.o [1]
m_ui8TxTimer            0x20001970    0x1  Data  Lc  modbus.o [1]
main                    0x0800420f  0x45e  Code  Gb  main.o [1]
malloc                  0x080011d1   0xac  Code  Gb  xxmemxmalloc.o [3]
memchr                  0x0800116d         Code  Gb  memchr.o [5]
ndigs                   0x08004130   0x28  Data  Lc  xstoul.o [3]
param                   0x20001918   0x10  Data  Lc  wiznet.o [1]
parity                  0x2000195e    0x2  Data  Gb  hw_config.o [1]
port                    0x2000195a    0x2  Data  Gb  hw_config.o [1]
postidx                 0x20001950    0x4  Data  Gb  hw_config.o [1]
rate                    0x20001948    0x4  Data  Gb  hw_config.o [1]
rsize                   0x20001962    0x2  Data  Gb  hw_config.o [1]
rsize1                  0x20001964    0x2  Data  Gb  hw_config.o [1]
scale                   0x08000bfb   0x46  Code  Lc  xprintflarge.o [3]
sockstat                0x2000196c    0x1  Data  Gb  hw_config.o [1]
sprintf                 0x08003cd9   0x34  Code  Gb  sprintf.o [3]
stop_bits               0x2000195c    0x2  Data  Gb  hw_config.o [1]
strcat                  0x08003d0d   0x1c  Code  Gb  strcat.o [3]
strchr                  0x080010f5         Code  Gb  strchr.o [5]
strlen                  0x0800112d         Code  Gb  strlen.o [5]
strncmp                 0x08003dc1   0x2a  Code  Gb  strncmp.o [3]
temp_ip_addr            0x2000193c    0x4  Data  Gb  hw_config.o [1]
temp_port               0x20001958    0x2  Data  Gb  hw_config.o [1]
timeout                 0x20001960    0x2  Data  Gb  hw_config.o [1]
tolower                 0x0800416d   0x14  Code  Gb  tolower.o [3]
ui8ParSave              0x2000196d    0x1  Data  Gb  main.o [1]
ui8ResetFlag            0x2000196e    0x1  Data  Gb  main.o [1]
uiResetTimer            0x2000196f    0x1  Data  Gb  main.o [1]


[1] = C:\Users\troshin\Documents\GitHub\Eth_SNMP\Project\Embedded_GUI_Example\EWARM\STM3210C-EVAL\Obj
[2] = command line
[3] = dl7M_tlf.a
[4] = m7M_tl.a
[5] = rt7M_tl.a
[6] = shb_l.a

  19 730 bytes of readonly  code memory
   5 443 bytes of readonly  data memory
   9 587 bytes of readwrite data memory

Errors: none
Warnings: none
